This is pdfTeX, Version 3.141592653-2.6-1.40.29 (MiKTeX 26.5) (preloaded format=pdflatex 2026.9.2)  10 SEP 2026 15:04
entering extended mode
 restricted \write18 enabled.
 %&-line parsing enabled.
**./05_budget_analysis.tex
(05_budget_analysis.tex
LaTeX2e <2026-06-01>
L3 programming layer <2026-08-10>
(C:\SpecProF\Miktex\smargary\install\tex/latex/beamer\beamer.cls
Document Class: beamer 2026/08/20 v3.78 A class for typesetting presentations
(C:\SpecProF\Miktex\smargary\install\tex/latex/beamer\beamerbasemodes.sty
(C:\SpecProF\Miktex\smargary\install\tex/latex/etoolbox\etoolbox.sty
Package: etoolbox 2025/10/02 v2.5m e-TeX tools for LaTeX (JAW)
\etb@tempcnta=\count276
)
\beamer@tempbox=\box53
\beamer@tempcount=\count277
\c@beamerpauses=\count278

(C:\SpecProF\Miktex\smargary\install\tex/latex/beamer\beamerbasedecode.sty
\beamer@slideinframe=\count279
\beamer@minimum=\count280
\beamer@decode@box=\box54
)
\beamer@commentbox=\box55
\beamer@modecount=\count281
)
(C:\SpecProF\Miktex\smargary\install\tex/generic/iftex\iftex.sty
Package: iftex 2024/12/12 v1.0g TeX engine tests
)
\headdp=\dimen150
\footheight=\dimen151
\sidebarheight=\dimen152
\beamer@tempdim=\dimen153
\beamer@finalheight=\dimen154
\beamer@animht=\dimen155
\beamer@animdp=\dimen156
\beamer@animwd=\dimen157
\beamer@leftmargin=\dimen158
\beamer@rightmargin=\dimen159
\beamer@leftsidebar=\dimen160
\beamer@rightsidebar=\dimen161
\beamer@boxsize=\dimen162
\beamer@vboxoffset=\dimen163
\beamer@descdefault=\dimen164
\beamer@descriptionwidth=\dimen165
\beamer@lastskip=\skip49
\beamer@areabox=\box56
\beamer@animcurrent=\box57
\beamer@animshowbox=\box58
\beamer@sectionbox=\box59
\beamer@logobox=\box60
\beamer@linebox=\box61
\beamer@sectioncount=\count282
\beamer@subsubsectionmax=\count283
\beamer@subsectionmax=\count284
\beamer@sectionmax=\count285
\beamer@totalheads=\count286
\beamer@headcounter=\count287
\beamer@partstartpage=\count288
\beamer@sectionstartpage=\count289
\beamer@subsectionstartpage=\count290
\beamer@animationtempa=\count291
\beamer@animationtempb=\count292
\beamer@xpos=\count293
\beamer@ypos=\count294
\beamer@ypos@offset=\count295
\beamer@showpartnumber=\count296
\beamer@currentsubsection=\count297
\beamer@coveringdepth=\count298
\beamer@sectionadjust=\count299
\beamer@toclastsection=\count300
\beamer@tocsectionnumber=\count301

(C:\SpecProF\Miktex\smargary\install\tex/latex/beamer\beamerbaseoptions.sty
(C:\SpecProF\Miktex\smargary\install\tex/latex/graphics\keyval.sty
Package: keyval 2026-05-17 v1.15 key=value parser (DPC)
\KV@toks@=\toks17
))
\beamer@paperwidth=\skip50
\beamer@paperheight=\skip51

(C:\SpecProF\Miktex\smargary\install\tex/latex/geometry\geometry.sty
Package: geometry 2026/03/07 v6.0 Page Geometry

(C:\SpecProF\Miktex\smargary\install\tex/generic/iftex\ifvtex.sty
Package: ifvtex 2019/10/25 v1.7 ifvtex legacy package. Use iftex instead.
)
\Gm@cnth=\count302
\Gm@cntv=\count303
\c@Gm@tempcnt=\count304
\Gm@bindingoffset=\dimen166
\Gm@wd@mp=\dimen167
\Gm@odd@mp=\dimen168
\Gm@even@mp=\dimen169
\Gm@layoutwidth=\dimen170
\Gm@layoutheight=\dimen171
\Gm@layouthoffset=\dimen172
\Gm@layoutvoffset=\dimen173
\Gm@dimlist=\toks18

(C:\SpecProF\Miktex\smargary\install\tex/latex/geometry\geometry.cfg))
(C:\SpecProF\Miktex\smargary\install\tex/latex/pgf/math\pgfmath.sty
(C:\SpecProF\Miktex\smargary\install\tex/latex/pgf/utilities\pgfrcs.sty
(C:\SpecProF\Miktex\smargary\install\tex/generic/pgf/utilities\pgfutil-common.t
ex
\pgfutil@everybye=\toks19
\pgfutil@tempdima=\dimen174
\pgfutil@tempdimb=\dimen175
)
(C:\SpecProF\Miktex\smargary\install\tex/generic/pgf/utilities\pgfutil-latex.de
f
\pgfutil@abb=\box62
)
(C:\SpecProF\Miktex\smargary\install\tex/generic/pgf/utilities\pgfrcs.code.tex
(C:\SpecProF\Miktex\smargary\install\tex/generic/pgf\pgf.revision.tex)
Package: pgfrcs 2026-08-01 v3.1.12 (3.1.12)
))
(C:\SpecProF\Miktex\smargary\install\tex/latex/pgf/utilities\pgfkeys.sty
(C:\SpecProF\Miktex\smargary\install\tex/generic/pgf/utilities\pgfkeys.code.tex
\pgfkeys@pathtoks=\toks20
\pgfkeys@temptoks=\toks21

(C:\SpecProF\Miktex\smargary\install\tex/generic/pgf/utilities\pgfkeyslibraryfi
ltered.code.tex
\pgfkeys@tmptoks=\toks22
)))
(C:\SpecProF\Miktex\smargary\install\tex/generic/pgf/math\pgfmath.code.tex
(C:\SpecProF\Miktex\smargary\install\tex/generic/pgf/math\pgfmathutil.code.tex
\pgf@x=\dimen176
\pgf@xa=\dimen177
\pgf@xb=\dimen178
\pgf@xc=\dimen179
\pgf@y=\dimen180
\pgf@ya=\dimen181
\pgf@yb=\dimen182
\pgf@yc=\dimen183
\c@pgf@counta=\count305
\c@pgf@countb=\count306
\c@pgf@countc=\count307
\c@pgf@countd=\count308
)
(C:\SpecProF\Miktex\smargary\install\tex/generic/pgf/math\pgfmathparser.code.te
x
\pgfmath@dimen=\dimen184
\pgfmath@count=\count309
\pgfmath@box=\box63
\pgfmath@toks=\toks23
\pgfmath@stack@operand=\toks24
\pgfmath@stack@operation=\toks25
)
(C:\SpecProF\Miktex\smargary\install\tex/generic/pgf/math\pgfmathfunctions.code
.tex)
(C:\SpecProF\Miktex\smargary\install\tex/generic/pgf/math\pgfmathfunctions.basi
c.code.tex)
(C:\SpecProF\Miktex\smargary\install\tex/generic/pgf/math\pgfmathfunctions.trig
onometric.code.tex)
(C:\SpecProF\Miktex\smargary\install\tex/generic/pgf/math\pgfmathfunctions.rand
om.code.tex)
(C:\SpecProF\Miktex\smargary\install\tex/generic/pgf/math\pgfmathfunctions.comp
arison.code.tex)
(C:\SpecProF\Miktex\smargary\install\tex/generic/pgf/math\pgfmathfunctions.base
.code.tex)
(C:\SpecProF\Miktex\smargary\install\tex/generic/pgf/math\pgfmathfunctions.roun
d.code.tex)
(C:\SpecProF\Miktex\smargary\install\tex/generic/pgf/math\pgfmathfunctions.misc
.code.tex)
(C:\SpecProF\Miktex\smargary\install\tex/generic/pgf/math\pgfmathfunctions.inte
gerarithmetics.code.tex)
(C:\SpecProF\Miktex\smargary\install\tex/generic/pgf/math\pgfmathcalc.code.tex)

(C:\SpecProF\Miktex\smargary\install\tex/generic/pgf/math\pgfmathfloat.code.tex
\c@pgfmathroundto@lastzeros=\count310
))) (C:\SpecProF\Miktex\smargary\install\tex/latex/base\size11.clo
File: size11.clo 2025/01/22 v1.4n Standard LaTeX file (size option)
)
(C:\SpecProF\Miktex\smargary\install\tex/latex/pgf/basiclayer\pgfcore.sty
(C:\SpecProF\Miktex\smargary\install\tex/latex/graphics\graphicx.sty
Package: graphicx 2026-05-17 v1.2e Enhanced LaTeX Graphics (DPC,SPQR)

(C:\SpecProF\Miktex\smargary\install\tex/latex/graphics\graphics.sty
Package: graphics 2026-05-17 v1.4h Standard LaTeX Graphics (DPC,SPQR)

(C:\SpecProF\Miktex\smargary\install\tex/latex/graphics\trig.sty
Package: trig 2023/12/02 v1.11 sin cos tan (DPC)
)
(C:\SpecProF\Miktex\smargary\install\tex/latex/graphics-cfg\graphics.cfg
File: graphics.cfg 2016/06/04 v1.11 sample graphics configuration
)
Package graphics Info: Driver file: pdftex.def on input line 106.

(C:\SpecProF\Miktex\smargary\install\tex/latex/graphics-def\pdftex.def
File: pdftex.def 2025/09/29 v1.2d Graphics/color driver for pdftex
))
\Gin@req@height=\dimen185
\Gin@req@width=\dimen186
)
(C:\SpecProF\Miktex\smargary\install\tex/latex/pgf/systemlayer\pgfsys.sty
(C:\SpecProF\Miktex\smargary\install\tex/generic/pgf/systemlayer\pgfsys.code.te
x
Package: pgfsys 2026-08-01 v3.1.12 (3.1.12)
\pgf@x=\dimen187
\pgf@y=\dimen188
\pgf@xa=\dimen189
\pgf@ya=\dimen190
\pgf@xb=\dimen191
\pgf@yb=\dimen192
\pgf@xc=\dimen193
\pgf@yc=\dimen194
\pgf@xd=\dimen195
\pgf@yd=\dimen196
\w@pgf@writea=\write3
\r@pgf@reada=\read2
\c@pgf@counta=\count311
\c@pgf@countb=\count312
\c@pgf@countc=\count313
\c@pgf@countd=\count314
\t@pgf@toka=\toks26
\t@pgf@tokb=\toks27
\t@pgf@tokc=\toks28
\pgf@sys@id@count=\count315
 (C:\SpecProF\Miktex\smargary\install\tex/generic/pgf/systemlayer\pgf.cfg
File: pgf.cfg 2026-08-01 v3.1.12 (3.1.12)
)
Driver file for pgf: pgfsys-pdftex.def

(C:\SpecProF\Miktex\smargary\install\tex/generic/pgf/systemlayer\pgfsys-pdftex.
def
File: pgfsys-pdftex.def 2026-08-01 v3.1.12 (3.1.12)

(C:\SpecProF\Miktex\smargary\install\tex/generic/pgf/systemlayer\pgfsys-common-
pdf.def
File: pgfsys-common-pdf.def 2026-08-01 v3.1.12 (3.1.12)
)))
(C:\SpecProF\Miktex\smargary\install\tex/generic/pgf/systemlayer\pgfsyssoftpath
.code.tex
File: pgfsyssoftpath.code.tex 2026-08-01 v3.1.12 (3.1.12)
\pgfsyssoftpath@smallbuffer@items=\count316
\pgfsyssoftpath@bigbuffer@items=\count317
)
(C:\SpecProF\Miktex\smargary\install\tex/generic/pgf/systemlayer\pgfsysprotocol
.code.tex
File: pgfsysprotocol.code.tex 2026-08-01 v3.1.12 (3.1.12)
)) (C:\SpecProF\Miktex\smargary\install\tex/latex/xcolor\xcolor.sty
Package: xcolor 2024/09/29 v3.02 LaTeX color extensions (UK)

(C:\SpecProF\Miktex\smargary\install\tex/latex/graphics-cfg\color.cfg
File: color.cfg 2016/01/02 v1.6 sample color configuration
)
Package xcolor Info: Driver file: pdftex.def on input line 274.

(C:\SpecProF\Miktex\smargary\install\tex/latex/graphics\mathcolor.ltx)
Package xcolor Info: Model `cmy' substituted by `cmy0' on input line 1349.
Package xcolor Info: Model `hsb' substituted by `rgb' on input line 1353.
Package xcolor Info: Model `RGB' extended on input line 1365.
Package xcolor Info: Model `HTML' substituted by `rgb' on input line 1367.
Package xcolor Info: Model `Hsb' substituted by `hsb' on input line 1368.
Package xcolor Info: Model `tHsb' substituted by `hsb' on input line 1369.
Package xcolor Info: Model `HSB' substituted by `hsb' on input line 1370.
Package xcolor Info: Model `Gray' substituted by `gray' on input line 1371.
Package xcolor Info: Model `wave' substituted by `hsb' on input line 1372.
)
(C:\SpecProF\Miktex\smargary\install\tex/generic/pgf/basiclayer\pgfcore.code.te
x
Package: pgfcore 2026-08-01 v3.1.12 (3.1.12)
 (C:\SpecProF\Miktex\smargary\install\tex/generic/pgf/math\pgfint.code.tex)
(C:\SpecProF\Miktex\smargary\install\tex/generic/pgf/basiclayer\pgfcorepoints.c
ode.tex
File: pgfcorepoints.code.tex 2026-08-01 v3.1.12 (3.1.12)
\pgf@picminx=\dimen197
\pgf@picmaxx=\dimen198
\pgf@picminy=\dimen199
\pgf@picmaxy=\dimen256
\pgf@pathminx=\dimen257
\pgf@pathmaxx=\dimen258
\pgf@pathminy=\dimen259
\pgf@pathmaxy=\dimen260
\pgf@xx=\dimen261
\pgf@xy=\dimen262
\pgf@yx=\dimen263
\pgf@yy=\dimen264
\pgf@zx=\dimen265
\pgf@zy=\dimen266
)
(C:\SpecProF\Miktex\smargary\install\tex/generic/pgf/basiclayer\pgfcorepathcons
truct.code.tex
File: pgfcorepathconstruct.code.tex 2026-08-01 v3.1.12 (3.1.12)
\pgf@path@lastx=\dimen267
\pgf@path@lasty=\dimen268
)
(C:\SpecProF\Miktex\smargary\install\tex/generic/pgf/basiclayer\pgfcorepathusag
e.code.tex
File: pgfcorepathusage.code.tex 2026-08-01 v3.1.12 (3.1.12)
\pgf@shorten@end@additional=\dimen269
\pgf@shorten@start@additional=\dimen270
)
(C:\SpecProF\Miktex\smargary\install\tex/generic/pgf/basiclayer\pgfcorescopes.c
ode.tex
File: pgfcorescopes.code.tex 2026-08-01 v3.1.12 (3.1.12)
\pgfpic=\box64
\pgf@hbox=\box65
\pgf@layerbox@main=\box66
\pgf@picture@serial@count=\count318
)
(C:\SpecProF\Miktex\smargary\install\tex/generic/pgf/basiclayer\pgfcoregraphics
tate.code.tex
File: pgfcoregraphicstate.code.tex 2026-08-01 v3.1.12 (3.1.12)
\pgflinewidth=\dimen271
)
(C:\SpecProF\Miktex\smargary\install\tex/generic/pgf/basiclayer\pgfcoretransfor
mations.code.tex
File: pgfcoretransformations.code.tex 2026-08-01 v3.1.12 (3.1.12)
\pgf@pt@x=\dimen272
\pgf@pt@y=\dimen273
\pgf@pt@temp=\dimen274
)
(C:\SpecProF\Miktex\smargary\install\tex/generic/pgf/basiclayer\pgfcorequick.co
de.tex
File: pgfcorequick.code.tex 2026-08-01 v3.1.12 (3.1.12)
)
(C:\SpecProF\Miktex\smargary\install\tex/generic/pgf/basiclayer\pgfcoreobjects.
code.tex
File: pgfcoreobjects.code.tex 2026-08-01 v3.1.12 (3.1.12)
)
(C:\SpecProF\Miktex\smargary\install\tex/generic/pgf/basiclayer\pgfcorepathproc
essing.code.tex
File: pgfcorepathprocessing.code.tex 2026-08-01 v3.1.12 (3.1.12)
)
(C:\SpecProF\Miktex\smargary\install\tex/generic/pgf/basiclayer\pgfcorearrows.c
ode.tex
File: pgfcorearrows.code.tex 2026-08-01 v3.1.12 (3.1.12)
\pgfarrowsep=\dimen275
)
(C:\SpecProF\Miktex\smargary\install\tex/generic/pgf/basiclayer\pgfcoreshade.co
de.tex
File: pgfcoreshade.code.tex 2026-08-01 v3.1.12 (3.1.12)
\pgf@max=\dimen276
\pgf@sys@shading@range@num=\count319
\pgf@shadingcount=\count320
)
(C:\SpecProF\Miktex\smargary\install\tex/generic/pgf/basiclayer\pgfcoreimage.co
de.tex
File: pgfcoreimage.code.tex 2026-08-01 v3.1.12 (3.1.12)
)
(C:\SpecProF\Miktex\smargary\install\tex/generic/pgf/basiclayer\pgfcoreexternal
.code.tex
File: pgfcoreexternal.code.tex 2026-08-01 v3.1.12 (3.1.12)
\pgfexternal@startupbox=\box67
)
(C:\SpecProF\Miktex\smargary\install\tex/generic/pgf/basiclayer\pgfcorelayers.c
ode.tex
File: pgfcorelayers.code.tex 2026-08-01 v3.1.12 (3.1.12)
)
(C:\SpecProF\Miktex\smargary\install\tex/generic/pgf/basiclayer\pgfcoretranspar
ency.code.tex
File: pgfcoretransparency.code.tex 2026-08-01 v3.1.12 (3.1.12)
)
(C:\SpecProF\Miktex\smargary\install\tex/generic/pgf/basiclayer\pgfcorepatterns
.code.tex
File: pgfcorepatterns.code.tex 2026-08-01 v3.1.12 (3.1.12)
)
(C:\SpecProF\Miktex\smargary\install\tex/generic/pgf/basiclayer\pgfcorerdf.code
.tex
File: pgfcorerdf.code.tex 2026-08-01 v3.1.12 (3.1.12)
)))
(C:\SpecProF\Miktex\smargary\install\tex/latex/pgf/utilities\xxcolor.sty
Package: xxcolor 2003/10/24 ver 0.1
\XC@nummixins=\count321
\XC@countmixins=\count322
)
(C:\SpecProF\Miktex\smargary\install\tex/latex/base\atbegshi-ltx.sty
Package: atbegshi-ltx 2021/01/10 v1.0c Emulation of the original atbegshi
package with kernel methods
)
(C:\SpecProF\Miktex\smargary\install\tex/latex/hyperref\hyperref.sty
Package: hyperref 2026-06-17 v7.01r Hypertext links for LaTeX

(C:\SpecProF\Miktex\smargary\install\tex/latex/kvsetkeys\kvsetkeys.sty
Package: kvsetkeys 2022-10-05 v1.19 Key value parser (HO)
)
(C:\SpecProF\Miktex\smargary\install\tex/generic/kvdefinekeys\kvdefinekeys.sty
Package: kvdefinekeys 2019-12-19 v1.6 Define keys (HO)
) (C:\SpecProF\Miktex\smargary\install\tex/generic/pdfescape\pdfescape.sty
Package: pdfescape 2019/12/09 v1.15 Implements pdfTeX's escape features (HO)

(C:\SpecProF\Miktex\smargary\install\tex/generic/ltxcmds\ltxcmds.sty
Package: ltxcmds 2023-12-04 v1.26 LaTeX kernel commands for general use (HO)
)
(C:\SpecProF\Miktex\smargary\install\tex/generic/pdftexcmds\pdftexcmds.sty
Package: pdftexcmds 2020-06-27 v0.33 Utility functions of pdfTeX for LuaTeX (HO
)

(C:\SpecProF\Miktex\smargary\install\tex/generic/infwarerr\infwarerr.sty
Package: infwarerr 2019/12/03 v1.5 Providing info/warning/error messages (HO)
)
Package pdftexcmds Info: \pdf@primitive is available.
Package pdftexcmds Info: \pdf@ifprimitive is available.
Package pdftexcmds Info: \pdfdraftmode found.
))
(C:\SpecProF\Miktex\smargary\install\tex/latex/hycolor\hycolor.sty
Package: hycolor 2020-01-27 v1.10 Color options for hyperref/bookmark (HO)
)
(C:\SpecProF\Miktex\smargary\install\tex/latex/hyperref\nameref.sty
Package: nameref 2026-01-29 v2.58 Cross-referencing by name of section

(C:\SpecProF\Miktex\smargary\install\tex/latex/refcount\refcount.sty
Package: refcount 2019/12/15 v3.6 Data extraction from label references (HO)
)
(C:\SpecProF\Miktex\smargary\install\tex/generic/gettitlestring\gettitlestring.
sty
Package: gettitlestring 2019/12/15 v1.6 Cleanup title references (HO)
 (C:\SpecProF\Miktex\smargary\install\tex/latex/kvoptions\kvoptions.sty
Package: kvoptions 2022-06-15 v3.15 Key value format for package options (HO)
))
\c@section@level=\count323
)
(C:\SpecProF\Miktex\smargary\install\tex/generic/stringenc\stringenc.sty
Package: stringenc 2019/11/29 v1.12 Convert strings between diff. encodings (HO
)
)
\@linkdim=\dimen277
\Hy@linkcounter=\count324
\Hy@pagecounter=\count325

(C:\SpecProF\Miktex\smargary\install\tex/latex/hyperref\pd1enc.def
File: pd1enc.def 2026-06-17 v7.01r Hyperref: PDFDocEncoding definition (HO)
Now handling font encoding PD1 ...
... no UTF-8 mapping file for font encoding PD1
)
(C:\SpecProF\Miktex\smargary\install\tex/generic/intcalc\intcalc.sty
Package: intcalc 2019/12/15 v1.3 Expandable calculations with integers (HO)
)
\Hy@SavedSpaceFactor=\count326

(C:\SpecProF\Miktex\smargary\install\tex/latex/hyperref\puenc.def
File: puenc.def 2026-06-17 v7.01r Hyperref: PDF Unicode definition (HO)
Now handling font encoding PU ...
... no UTF-8 mapping file for font encoding PU
)
Package hyperref Info: Option `bookmarks' set `true' on input line 4070.
Package hyperref Info: Option `bookmarksopen' set `true' on input line 4070.
Package hyperref Info: Option `implicit' set `false' on input line 4070.
Package hyperref Info: Hyper figures OFF on input line 4199.
Package hyperref Info: Link nesting OFF on input line 4204.
Package hyperref Info: Hyper index ON on input line 4207.
Package hyperref Info: Plain pages OFF on input line 4214.
Package hyperref Info: Backreferencing OFF on input line 4219.
Package hyperref Info: Implicit mode OFF; no redefinition of LaTeX internals.
Package hyperref Info: Bookmarks ON on input line 4466.
\c@Hy@tempcnt=\count327

(C:\SpecProF\Miktex\smargary\install\tex/latex/url\url.sty
\Urlmuskip=\muskip17
Package: url 2013/09/16  ver 3.4  Verb mode for urls, etc.
)
LaTeX Info: Redefining \url on input line 4805.
\XeTeXLinkMargin=\dimen278

(C:\SpecProF\Miktex\smargary\install\tex/generic/bitset\bitset.sty
Package: bitset 2019/12/09 v1.3 Handle bit-vector datatype (HO)

(C:\SpecProF\Miktex\smargary\install\tex/generic/bigintcalc\bigintcalc.sty
Package: bigintcalc 2019/12/15 v1.5 Expandable calculations on big integers (HO
)
))
\Fld@menulength=\count328
\Field@Width=\dimen279
\Fld@charsize=\dimen280
Package hyperref Info: Hyper figures OFF on input line 6091.
Package hyperref Info: Link nesting OFF on input line 6096.
Package hyperref Info: Hyper index ON on input line 6099.
Package hyperref Info: backreferencing OFF on input line 6106.
Package hyperref Info: Link coloring OFF on input line 6111.
Package hyperref Info: Link coloring with OCG OFF on input line 6116.
Package hyperref Info: PDF/A mode OFF on input line 6121.
\Hy@abspage=\count329


Package hyperref Message: Stopped early.

)
Package hyperref Info: Driver (autodetected): hpdftex.
 (C:\SpecProF\Miktex\smargary\install\tex/latex/hyperref\hpdftex.def
File: hpdftex.def 2026-06-17 v7.01r Hyperref driver for pdfTeX
\Fld@listcount=\count330
\c@bookmark@seq@number=\count331

(C:\SpecProF\Miktex\smargary\install\tex/latex/rerunfilecheck\rerunfilecheck.st
y
Package: rerunfilecheck 2025-06-21 v1.11 Rerun checks for auxiliary files (HO)

(C:\SpecProF\Miktex\smargary\install\tex/generic/uniquecounter\uniquecounter.st
y
Package: uniquecounter 2019/12/15 v1.4 Provide unlimited unique counter (HO)
)
Package uniquecounter Info: New unique counter `rerunfilecheck' on input line 2
84.
))
(C:\SpecProF\Miktex\smargary\install\tex/latex/beamer\beamerbaserequires.sty
(C:\SpecProF\Miktex\smargary\install\tex/latex/beamer\beamerbasecompatibility.s
ty) (C:\SpecProF\Miktex\smargary\install\tex/latex/beamer\beamerbasefont.sty
(C:\SpecProF\Miktex\smargary\install\tex/latex/amsfonts\amssymb.sty
Package: amssymb 2013/01/14 v3.01 AMS font symbols

(C:\SpecProF\Miktex\smargary\install\tex/latex/amsfonts\amsfonts.sty
Package: amsfonts 2013/01/14 v3.01 Basic AMSFonts support
\@emptytoks=\toks29
\symAMSa=\mathgroup4
\symAMSb=\mathgroup5
LaTeX Font Info:    Redeclaring math symbol \hbar on input line 98.
LaTeX Font Info:    Overwriting math alphabet `\mathfrak' in version `bold'
(Font)                  U/euf/m/n --> U/euf/b/n on input line 106.
))
(C:\SpecProF\Miktex\smargary\install\tex/latex/sansmathaccent\sansmathaccent.st
y
Package: sansmathaccent 2020/01/31
 (C:\SpecProF\Miktex\smargary\install\tex/latex/koma-script\scrlfile.sty
Package: scrlfile 2026/02/02 v3.49.2 KOMA-Script package (file load hooks)

(C:\SpecProF\Miktex\smargary\install\tex/latex/koma-script\scrlfile-hook.sty
Package: scrlfile-hook 2026/02/02 v3.49.2 KOMA-Script package (using LaTeX hook
s)

(C:\SpecProF\Miktex\smargary\install\tex/latex/koma-script\scrlogo.sty
Package: scrlogo 2026/02/02 v3.49.2 KOMA-Script package (logo)
)))))
(C:\SpecProF\Miktex\smargary\install\tex/latex/beamer\beamerbasetranslator.sty
(C:\SpecProF\Miktex\smargary\install\tex/latex/translator\translator.sty
Package: translator 2021-05-31 v1.12d Easy translation of strings in LaTeX
))
(C:\SpecProF\Miktex\smargary\install\tex/latex/beamer\beamerbasemisc.sty)
(C:\SpecProF\Miktex\smargary\install\tex/latex/beamer\beamerbasetwoscreens.sty)
(C:\SpecProF\Miktex\smargary\install\tex/latex/beamer\beamerbaseoverlay.sty
\beamer@argscount=\count332
\beamer@lastskipcover=\skip52
\beamer@trivlistdepth=\count333
)
(C:\SpecProF\Miktex\smargary\install\tex/latex/beamer\beamerbasetitle.sty)
(C:\SpecProF\Miktex\smargary\install\tex/latex/beamer\beamerbasesection.sty
\c@lecture=\count334
\c@part=\count335
\c@section=\count336
\c@subsection=\count337
\c@subsubsection=\count338
)
(C:\SpecProF\Miktex\smargary\install\tex/latex/beamer\beamerbaseframe.sty
\beamer@framebox=\box68
\beamer@frametitlebox=\box69
\beamer@zoombox=\box70
\beamer@zoomcount=\count339
\beamer@zoomframecount=\count340
\beamer@frametextheight=\dimen281
\c@subsectionslide=\count341
\beamer@frametopskip=\skip53
\beamer@framebottomskip=\skip54
\beamer@frametopskipautobreak=\skip55
\beamer@framebottomskipautobreak=\skip56
\beamer@envbody=\toks30
\framewidth=\dimen282
\c@framenumber=\count342
)
(C:\SpecProF\Miktex\smargary\install\tex/latex/beamer\beamerbaseverbatim.sty
\beamer@verbatimfileout=\write4
)
(C:\SpecProF\Miktex\smargary\install\tex/latex/beamer\beamerbaseframesize.sty
\beamer@splitbox=\box71
\beamer@autobreakcount=\count343
\beamer@autobreaklastheight=\dimen283
\beamer@frametitletoks=\toks31
\beamer@framesubtitletoks=\toks32
)
(C:\SpecProF\Miktex\smargary\install\tex/latex/beamer\beamerbaseframecomponents
.sty
\beamer@colheight=\skip57
\beamer@footins=\box72
) (C:\SpecProF\Miktex\smargary\install\tex/latex/beamer\beamerbasecolor.sty) (C
:\SpecProF\Miktex\smargary\install\tex/latex/beamer\beamerbasenotes.sty
\beamer@frameboxcopy=\box73
)
(C:\SpecProF\Miktex\smargary\install\tex/latex/beamer\beamerbasetoc.sty)
(C:\SpecProF\Miktex\smargary\install\tex/latex/beamer\beamerbasetemplates.sty
\beamer@sbttoks=\toks33

(C:\SpecProF\Miktex\smargary\install\tex/latex/beamer\beamerbaseauxtemplates.st
y (C:\SpecProF\Miktex\smargary\install\tex/latex/beamer\beamerbaseboxes.sty
\bmb@box=\box74
\bmb@colorbox=\box75
\bmb@boxwidth=\dimen284
\bmb@boxheight=\dimen285
\bmb@prevheight=\dimen286
\bmb@temp=\dimen287
\bmb@dima=\dimen288
\bmb@dimb=\dimen289
\bmb@prevheight=\dimen290
)
\beamer@blockheadheight=\dimen291
))
(C:\SpecProF\Miktex\smargary\install\tex/latex/beamer\beamerbaselocalstructure.
sty (C:\SpecProF\Miktex\smargary\install\tex/latex/tools\enumerate.sty
Package: enumerate 2023/07/04 v3.00 enumerate extensions (DPC)
\@enLab=\toks34
)
\beamer@bibiconwidth=\skip58
\c@figure=\count344
\c@table=\count345
\abovecaptionskip=\skip59
\belowcaptionskip=\skip60
)
(C:\SpecProF\Miktex\smargary\install\tex/latex/beamer\beamerbasenavigation.sty
(C:\SpecProF\Miktex\smargary\install\tex/latex/beamer\beamerbasenavigationsymbo
ls.tex)
\beamer@section@min@dim=\dimen292
)
(C:\SpecProF\Miktex\smargary\install\tex/latex/beamer\beamerbasetheorems.sty
(C:\SpecProF\Miktex\smargary\install\tex/latex/amsmath\amsmath.sty
Package: amsmath 2026/05/19 v2.18d AMS math features
\@mathmargin=\skip61

For additional information on amsmath, use the `?' option.
(C:\SpecProF\Miktex\smargary\install\tex/latex/amsmath\amstext.sty
Package: amstext 2024/11/17 v2.01 AMS text

(C:\SpecProF\Miktex\smargary\install\tex/latex/amsmath\amsgen.sty
File: amsgen.sty 1999/11/30 v2.0 generic functions
\@emptytoks=\toks35
\ex@=\dimen293
))
(C:\SpecProF\Miktex\smargary\install\tex/latex/amsmath\amsbsy.sty
Package: amsbsy 1999/11/29 v1.2d Bold Symbols
\pmbraise@=\dimen294
)
(C:\SpecProF\Miktex\smargary\install\tex/latex/amsmath\amsopn.sty
Package: amsopn 2022/04/08 v2.04 operator names
)
\inf@bad=\count346
LaTeX Info: Redefining \frac on input line 233.
\uproot@=\count347
\leftroot@=\count348
LaTeX Info: Redefining \overline on input line 398.
LaTeX Info: Redefining \colon on input line 409.
\classnum@=\count349
\DOTSCASE@=\count350
LaTeX Info: Redefining \ldots on input line 495.
LaTeX Info: Redefining \dots on input line 498.
LaTeX Info: Redefining \cdots on input line 619.
\Mathstrutbox@=\box76
\strutbox@=\box77
LaTeX Info: Redefining \big on input line 721.
LaTeX Info: Redefining \Big on input line 722.
LaTeX Info: Redefining \bigg on input line 723.
LaTeX Info: Redefining \Bigg on input line 724.
\big@size=\dimen295
LaTeX Font Info:    Redeclaring font encoding OML on input line 742.
LaTeX Font Info:    Redeclaring font encoding OMS on input line 743.
\macc@depth=\count351
LaTeX Info: Redefining \bmod on input line 904.
LaTeX Info: Redefining \pmod on input line 909.
LaTeX Info: Redefining \smash on input line 939.
LaTeX Info: Redefining \relbar on input line 969.
LaTeX Info: Redefining \Relbar on input line 970.
\c@MaxMatrixCols=\count352
\dotsspace@=\muskip18
\c@parentequation=\count353
\dspbrk@lvl=\count354
\tag@help=\toks36
\row@=\count355
\column@=\count356
\maxfields@=\count357
\andhelp@=\toks37
\eqnshift@=\dimen296
\alignsep@=\dimen297
\tagshift@=\dimen298
\tagwidth@=\dimen299
\totwidth@=\dimen300
\lineht@=\dimen301
\@envbody=\toks38
\multlinegap=\skip62
\multlinetaggap=\skip63
\mathdisplay@stack=\toks39
LaTeX Info: Redefining \[ on input line 2965.
LaTeX Info: Redefining \] on input line 2966.
)
(C:\SpecProF\Miktex\smargary\install\tex/latex/amscls\amsthm.sty
Package: amsthm 2020/05/29 v2.20.6
\thm@style=\toks40
\thm@bodyfont=\toks41
\thm@headfont=\toks42
\thm@notefont=\toks43
\thm@headpunct=\toks44
\thm@preskip=\skip64
\thm@postskip=\skip65
\thm@headsep=\skip66
\dth@everypar=\toks45
)
\c@theorem=\count358
)
(C:\SpecProF\Miktex\smargary\install\tex/latex/beamer\beamerbasethemes.sty))
(C:\SpecProF\Miktex\smargary\install\tex/latex/beamer\beamerthemedefault.sty
(C:\SpecProF\Miktex\smargary\install\tex/latex/beamer\beamerfontthemedefault.st
y)
(C:\SpecProF\Miktex\smargary\install\tex/latex/beamer\beamercolorthemedefault.s
ty)
(C:\SpecProF\Miktex\smargary\install\tex/latex/beamer\beamerinnerthemedefault.s
ty
\beamer@dima=\dimen302
\beamer@dimb=\dimen303
)
(C:\SpecProF\Miktex\smargary\install\tex/latex/beamer\beamerouterthemedefault.s
ty)))
(C:\SpecProF\Miktex\smargary\install\tex/latex/beamertheme-metropolis\beamerthe
memetropolis.sty
Package: beamerthememetropolis 2017/01/23 v1.2 Metropolis Beamer theme

(C:\SpecProF\Miktex\smargary\install\tex/latex/pgfopts\pgfopts.sty
Package: pgfopts 2014/07/10 v2.1a LaTeX package options with pgfkeys
\pgfopts@list@add@a@toks=\toks46
\pgfopts@list@add@b@toks=\toks47
)
(C:\SpecProF\Miktex\smargary\install\tex/latex/beamertheme-metropolis\beamerinn
erthememetropolis.sty
Package: beamerinnerthememetropolis 2017/01/23 Metropolis inner theme

(C:\SpecProF\Miktex\smargary\install\tex/latex/tools\calc.sty
Package: calc 2025/03/01 v4.3b Infix arithmetic (KKT,FJ)
\calc@Acount=\count359
\calc@Bcount=\count360
\calc@Adimen=\dimen304
\calc@Bdimen=\dimen305
\calc@Askip=\skip67
\calc@Bskip=\skip68
LaTeX Info: Redefining \setlength on input line 86.
LaTeX Info: Redefining \addtolength on input line 87.
\calc@Ccount=\count361
\calc@Cskip=\skip69
)
(C:\SpecProF\Miktex\smargary\install\tex/latex/pgf/frontendlayer\tikz.sty
(C:\SpecProF\Miktex\smargary\install\tex/latex/pgf/basiclayer\pgf.sty
Package: pgf 2026-08-01 v3.1.12 (3.1.12)

(C:\SpecProF\Miktex\smargary\install\tex/generic/pgf/modules\pgfmoduleshapes.co
de.tex
File: pgfmoduleshapes.code.tex 2026-08-01 v3.1.12 (3.1.12)
\pgfnodeparttextbox=\box78
)
(C:\SpecProF\Miktex\smargary\install\tex/generic/pgf/modules\pgfmoduleplot.code
.tex
File: pgfmoduleplot.code.tex 2026-08-01 v3.1.12 (3.1.12)
)
(C:\SpecProF\Miktex\smargary\install\tex/latex/pgf/compatibility\pgfcomp-versio
n-0-65.sty
Package: pgfcomp-version-0-65 2026-08-01 v3.1.12 (3.1.12)
\pgf@nodesepstart=\dimen306
\pgf@nodesepend=\dimen307
)
(C:\SpecProF\Miktex\smargary\install\tex/latex/pgf/compatibility\pgfcomp-versio
n-1-18.sty
Package: pgfcomp-version-1-18 2026-08-01 v3.1.12 (3.1.12)
))
(C:\SpecProF\Miktex\smargary\install\tex/latex/pgf/utilities\pgffor.sty
(C:\SpecProF\Miktex\smargary\install\tex/generic/pgf/utilities\pgffor.code.tex
Package: pgffor 2026-08-01 v3.1.12 (3.1.12)
\pgffor@iter=\dimen308
\pgffor@skip=\dimen309
\pgffor@stack=\toks48
\pgffor@toks=\toks49
))
(C:\SpecProF\Miktex\smargary\install\tex/generic/pgf/frontendlayer/tikz\tikz.co
de.tex
Package: tikz 2026-08-01 v3.1.12 (3.1.12)

(C:\SpecProF\Miktex\smargary\install\tex/generic/pgf/libraries\pgflibraryplotha
ndlers.code.tex
File: pgflibraryplothandlers.code.tex 2026-08-01 v3.1.12 (3.1.12)
\pgf@plot@mark@count=\count362
\pgfplotmarksize=\dimen310
)
\tikz@lastx=\dimen311
\tikz@lasty=\dimen312
\tikz@lastxsaved=\dimen313
\tikz@lastysaved=\dimen314
\tikz@lastmovetox=\dimen315
\tikz@lastmovetoy=\dimen316
\tikzleveldistance=\dimen317
\tikzsiblingdistance=\dimen318
\tikz@figbox=\box79
\tikz@figbox@bg=\box80
\tikz@tempbox=\box81
\tikz@tempbox@bg=\box82
\tikztreelevel=\count363
\tikznumberofchildren=\count364
\tikznumberofcurrentchild=\count365
\tikz@fig@count=\count366

(C:\SpecProF\Miktex\smargary\install\tex/generic/pgf/modules\pgfmodulematrix.co
de.tex
File: pgfmodulematrix.code.tex 2026-08-01 v3.1.12 (3.1.12)
\pgfmatrixcurrentrow=\count367
\pgfmatrixcurrentcolumn=\count368
\pgf@matrix@numberofcolumns=\count369
)
\tikz@expandcount=\count370

(C:\SpecProF\Miktex\smargary\install\tex/generic/pgf/frontendlayer/tikz/librari
es\tikzlibrarytopaths.code.tex
File: tikzlibrarytopaths.code.tex 2026-08-01 v3.1.12 (3.1.12)
)))
\metropolis@titleseparator@linewidth=\skip70
\metropolis@progressonsectionpage=\skip71
\metropolis@progressonsectionpage@linewidth=\skip72
\metropolis@blocksep=\skip73
\metropolis@blockadjust=\skip74
\metropolis@parskip=\skip75
)
(C:\SpecProF\Miktex\smargary\install\tex/latex/beamertheme-metropolis\beamerout
erthememetropolis.sty
Package: beamerouterthememetropolis 2017/01/23 Metropolis outer theme
\metropolis@frametitle@padding=\skip76
\metropolis@progressinheadfoot=\skip77
\metropolis@progressinheadfoot@linewidth=\skip78
)
(C:\SpecProF\Miktex\smargary\install\tex/latex/beamertheme-metropolis\beamercol
orthememetropolis.sty
Package: beamercolorthememetropolis 2017/01/23 Metropolis color theme
)
(C:\SpecProF\Miktex\smargary\install\tex/latex/beamertheme-metropolis\beamerfon
tthememetropolis.sty
Package: beamerfontthememetropolis 2017/01/23 Metropolis font theme

(C:\SpecProF\Miktex\smargary\install\tex/generic/iftex\ifxetex.sty
Package: ifxetex 2019/10/25 v0.7 ifxetex legacy package. Use iftex instead.
)
(C:\SpecProF\Miktex\smargary\install\tex/generic/iftex\ifluatex.sty
Package: ifluatex 2019/10/25 v1.5 ifluatex legacy package. Use iftex instead.
)

Package beamerthememetropolis Warning: You need to compile with XeLaTeX or LuaL
aTeX to use the Fira fonts on input line 95.

)) (C:\SpecProF\Miktex\smargary\install\tex/latex/base\inputenc.sty
Package: inputenc 2024/02/08 v1.3d Input encoding file
\inpenc@prehook=\toks50
\inpenc@posthook=\toks51
)
(C:\SpecProF\Miktex\smargary\install\tex/latex/base\fontenc.sty
Package: fontenc 2025/07/18 v2.1d Standard LaTeX package
)
(C:\SpecProF\Miktex\smargary\install\tex/latex/lm\lmodern.sty
Package: lmodern 2015/05/01 v1.6.1 Latin Modern Fonts
LaTeX Font Info:    Overwriting symbol font `operators' in version `normal'
(Font)                  OT1/cmr/m/n --> OT1/lmr/m/n on input line 22.
LaTeX Font Info:    Overwriting symbol font `letters' in version `normal'
(Font)                  OML/cmm/m/it --> OML/lmm/m/it on input line 23.
LaTeX Font Info:    Overwriting symbol font `symbols' in version `normal'
(Font)                  OMS/cmsy/m/n --> OMS/lmsy/m/n on input line 24.
LaTeX Font Info:    Overwriting symbol font `largesymbols' in version `normal'
(Font)                  OMX/cmex/m/n --> OMX/lmex/m/n on input line 25.
LaTeX Font Info:    Overwriting symbol font `operators' in version `bold'
(Font)                  OT1/cmr/bx/n --> OT1/lmr/bx/n on input line 26.
LaTeX Font Info:    Overwriting symbol font `letters' in version `bold'
(Font)                  OML/cmm/b/it --> OML/lmm/b/it on input line 27.
LaTeX Font Info:    Overwriting symbol font `symbols' in version `bold'
(Font)                  OMS/cmsy/b/n --> OMS/lmsy/b/n on input line 28.
LaTeX Font Info:    Overwriting symbol font `largesymbols' in version `bold'
(Font)                  OMX/cmex/m/n --> OMX/lmex/m/n on input line 29.
LaTeX Font Info:    Overwriting math alphabet `\mathbf' in version `normal'
(Font)                  OT1/cmr/bx/n --> OT1/lmr/bx/n on input line 31.
LaTeX Font Info:    Overwriting math alphabet `\mathsf' in version `normal'
(Font)                  OT1/cmss/m/n --> OT1/lmss/m/n on input line 32.
LaTeX Font Info:    Overwriting math alphabet `\mathit' in version `normal'
(Font)                  OT1/cmr/m/it --> OT1/lmr/m/it on input line 33.
LaTeX Font Info:    Overwriting math alphabet `\mathtt' in version `normal'
(Font)                  OT1/cmtt/m/n --> OT1/lmtt/m/n on input line 34.
LaTeX Font Info:    Overwriting math alphabet `\mathbf' in version `bold'
(Font)                  OT1/cmr/bx/n --> OT1/lmr/bx/n on input line 35.
LaTeX Font Info:    Overwriting math alphabet `\mathsf' in version `bold'
(Font)                  OT1/cmss/bx/n --> OT1/lmss/bx/n on input line 36.
LaTeX Font Info:    Overwriting math alphabet `\mathit' in version `bold'
(Font)                  OT1/cmr/bx/it --> OT1/lmr/bx/it on input line 37.
LaTeX Font Info:    Overwriting math alphabet `\mathtt' in version `bold'
(Font)                  OT1/cmtt/m/n --> OT1/lmtt/m/n on input line 38.
)
(C:\SpecProF\Miktex\smargary\install\tex/latex/booktabs\booktabs.sty
Package: booktabs 2020/01/12 v1.61803398 Publication quality tables
\heavyrulewidth=\dimen319
\lightrulewidth=\dimen320
\cmidrulewidth=\dimen321
\belowrulesep=\dimen322
\belowbottomsep=\dimen323
\aboverulesep=\dimen324
\abovetopsep=\dimen325
\cmidrulesep=\dimen326
\cmidrulekern=\dimen327
\defaultaddspace=\dimen328
\@cmidla=\count371
\@cmidlb=\count372
\@aboverulesep=\dimen329
\@belowrulesep=\dimen330
\@thisruleclass=\count373
\@lastruleclass=\count374
\@thisrulewidth=\dimen331
)
(C:\SpecProF\Miktex\smargary\install\tex/latex/tools\array.sty
Package: array 2026/02/24 v2.7b Tabular extension package (FMi)
\col@sep=\dimen332
\ar@mcellbox=\box83
\extrarowheight=\dimen333
\NC@list=\toks52
\extratabsurround=\skip79
\backup@length=\skip80
\ar@cellbox=\box84
)
(C:\SpecProF\Miktex\smargary\install\tex/latex/base\textcomp.sty
Package: textcomp 2024/04/24 v2.1b Standard LaTeX package
)
(C:\SpecProF\Miktex\smargary\install\tex/latex/siunitx\siunitx.sty
Package: siunitx 2026-08-23 v3.5.6 A comprehensive (SI) units package
\l__siunitx_number_uncert_offset_int=\count375
\l__siunitx_number_exponent_fixed_int=\count376
\l__siunitx_number_min_decimal_int=\count377
\l__siunitx_number_min_integer_int=\count378
\l__siunitx_number_round_precision_int=\count379
\l__siunitx_number_lower_threshold_int=\count380
\l__siunitx_number_upper_threshold_int=\count381
\l__siunitx_number_group_first_int=\count382
\l__siunitx_number_group_size_int=\count383
\l__siunitx_number_group_min_int=\count384
\l__siunitx_number_group_minimum_int=\count385
\l__siunitx_compound_count_int=\count386

(C:\SpecProF\Miktex\smargary\install\tex/latex/translations\translations.sty
Package: translations 2022/02/05 v1.12 internationalization of LaTeX2e packages
 (CN)
)
\l__siunitx_table_tmp_box=\box85
\l__siunitx_table_tmp_dim=\dimen334
\l__siunitx_table_column_width_dim=\dimen335
\l__siunitx_table_integer_box=\box86
\l__siunitx_table_decimal_box=\box87
\l__siunitx_table_uncert_box=\box88
\l__siunitx_table_before_box=\box89
\l__siunitx_table_after_box=\box90
\l__siunitx_table_before_dim=\dimen336
\l__siunitx_table_carry_dim=\dimen337
\l__siunitx_unit_tmp_int=\count387
\l__siunitx_unit_position_int=\count388
\l__siunitx_unit_total_int=\count389
\l__siunitx_sexagesimal_tmp_dim=\dimen338
\l__siunitx_sexagesimal_marker_box=\box91
\l__siunitx_sexagesimal_unit_box=\box92
)
(C:\SpecProF\Miktex\smargary\install\tex/latex/pgfplots\pgfplots.sty
(C:\SpecProF\Miktex\smargary\install\tex/generic/pgfplots\pgfplots.revision.tex
)
Package: pgfplots 2026/08/26 v1.18.3 Data Visualization (1.18.3)
 (C:\SpecProF\Miktex\smargary\install\tex/generic/pgfplots\pgfplots.code.tex
(C:\SpecProF\Miktex\smargary\install\tex/generic/pgfplots\pgfplotscore.code.tex
\t@pgfplots@toka=\toks53
\t@pgfplots@tokb=\toks54
\t@pgfplots@tokc=\toks55
\pgfplots@tmpa=\dimen339
\c@pgfplots@coordindex=\count390
\c@pgfplots@scanlineindex=\count391

(C:\SpecProF\Miktex\smargary\install\tex/generic/pgfplots/sys\pgfplotssysgeneri
c.code.tex))
(C:\SpecProF\Miktex\smargary\install\tex/generic/pgfplots/libs\pgfplotslibrary.
code.tex)
(C:\SpecProF\Miktex\smargary\install\tex/generic/pgfplots/oldpgfcompatib\pgfplo
tsoldpgfsupp_loader.code.tex
(C:\SpecProF\Miktex\smargary\install\tex/generic/pgf/libraries\pgflibraryfpu.co
de.tex)
(C:\SpecProF\Miktex\smargary\install\tex/generic/pgfplots/oldpgfcompatib\pgfplo
tsoldpgfsupp_pgfutil-common-lists.tex))
(C:\SpecProF\Miktex\smargary\install\tex/generic/pgfplots/util\pgfplotsutil.cod
e.tex
(C:\SpecProF\Miktex\smargary\install\tex/generic/pgfplots/liststructure\pgfplot
sliststructure.code.tex)
(C:\SpecProF\Miktex\smargary\install\tex/generic/pgfplots/liststructure\pgfplot
sliststructureext.code.tex)
(C:\SpecProF\Miktex\smargary\install\tex/generic/pgfplots/liststructure\pgfplot
sarray.code.tex
\c@pgfplotsarray@tmp=\count392
)
(C:\SpecProF\Miktex\smargary\install\tex/generic/pgfplots/liststructure\pgfplot
smatrix.code.tex)
(C:\SpecProF\Miktex\smargary\install\tex/generic/pgfplots/numtable\pgfplotstabl
eshared.code.tex
\c@pgfplotstable@counta=\count393
\t@pgfplotstable@a=\toks56
)
(C:\SpecProF\Miktex\smargary\install\tex/generic/pgfplots/liststructure\pgfplot
sdeque.code.tex)
(C:\SpecProF\Miktex\smargary\install\tex/generic/pgfplots/util\pgfplotsbinary.c
ode.tex
(C:\SpecProF\Miktex\smargary\install\tex/generic/pgfplots/util\pgfplotsbinary.d
ata.code.tex))
(C:\SpecProF\Miktex\smargary\install\tex/generic/pgfplots/util\pgfplotsutil.ver
b.code.tex)
(C:\SpecProF\Miktex\smargary\install\tex/generic/pgfplots/libs\pgflibrarypgfplo
ts.surfshading.code.tex
\c@pgfplotslibrarysurf@no=\count394

(C:\SpecProF\Miktex\smargary\install\tex/generic/pgfplots/sys\pgflibrarypgfplot
s.surfshading.pgfsys-pdftex.def)))
(C:\SpecProF\Miktex\smargary\install\tex/generic/pgfplots/util\pgfplotscolormap
.code.tex
(C:\SpecProF\Miktex\smargary\install\tex/generic/pgfplots/util\pgfplotscolor.co
de.tex))
(C:\SpecProF\Miktex\smargary\install\tex/generic/pgfplots\pgfplotsstackedplots.
code.tex)
(C:\SpecProF\Miktex\smargary\install\tex/generic/pgfplots\pgfplotsplothandlers.
code.tex
(C:\SpecProF\Miktex\smargary\install\tex/generic/pgfplots\pgfplotsmeshplothandl
er.code.tex
(C:\SpecProF\Miktex\smargary\install\tex/generic/pgfplots\pgfplotsmeshplotimage
.code.tex)))
(C:\SpecProF\Miktex\smargary\install\tex/generic/pgfplots\pgfplots.scaling.code
.tex)
(C:\SpecProF\Miktex\smargary\install\tex/generic/pgfplots\pgfplotscoordprocessi
ng.code.tex)
(C:\SpecProF\Miktex\smargary\install\tex/generic/pgfplots\pgfplots.errorbars.co
de.tex)
(C:\SpecProF\Miktex\smargary\install\tex/generic/pgfplots\pgfplots.markers.code
.tex)
(C:\SpecProF\Miktex\smargary\install\tex/generic/pgfplots\pgfplotsticks.code.te
x)
(C:\SpecProF\Miktex\smargary\install\tex/generic/pgfplots\pgfplots.paths.code.t
ex)
(C:\SpecProF\Miktex\smargary\install\tex/generic/pgf/frontendlayer/tikz/librari
es\tikzlibrarydecorations.code.tex
(C:\SpecProF\Miktex\smargary\install\tex/generic/pgf/modules\pgfmoduledecoratio
ns.code.tex
\pgfdecoratedcompleteddistance=\dimen340
\pgfdecoratedremainingdistance=\dimen341
\pgfdecoratedinputsegmentcompleteddistance=\dimen342
\pgfdecoratedinputsegmentremainingdistance=\dimen343
\pgf@decorate@distancetomove=\dimen344
\pgf@decorate@repeatstate=\count395
\pgfdecorationsegmentamplitude=\dimen345
\pgfdecorationsegmentlength=\dimen346
)
\tikz@lib@dec@box=\box93
)
(C:\SpecProF\Miktex\smargary\install\tex/generic/pgf/frontendlayer/tikz/librari
es\tikzlibrarydecorations.pathmorphing.code.tex
(C:\SpecProF\Miktex\smargary\install\tex/generic/pgf/libraries/decorations\pgfl
ibrarydecorations.pathmorphing.code.tex))
(C:\SpecProF\Miktex\smargary\install\tex/generic/pgf/frontendlayer/tikz/librari
es\tikzlibrarydecorations.pathreplacing.code.tex
(C:\SpecProF\Miktex\smargary\install\tex/generic/pgf/libraries/decorations\pgfl
ibrarydecorations.pathreplacing.code.tex))
(C:\SpecProF\Miktex\smargary\install\tex/generic/pgfplots/libs\tikzlibrarypgfpl
ots.contourlua.code.tex)
\pgfplots@numplots=\count396
\pgfplots@xmin@reg=\dimen347
\pgfplots@xmax@reg=\dimen348
\pgfplots@ymin@reg=\dimen349
\pgfplots@ymax@reg=\dimen350
\pgfplots@zmin@reg=\dimen351
\pgfplots@zmax@reg=\dimen352
)
(C:\SpecProF\Miktex\smargary\install\tex/generic/pgf/frontendlayer/tikz/librari
es\tikzlibraryplotmarks.code.tex
File: tikzlibraryplotmarks.code.tex 2026-08-01 v3.1.12 (3.1.12)

(C:\SpecProF\Miktex\smargary\install\tex/generic/pgf/libraries\pgflibraryplotma
rks.code.tex
File: pgflibraryplotmarks.code.tex 2026-08-01 v3.1.12 (3.1.12)
)))
(C:\SpecProF\Miktex\smargary\install\tex/latex/pgf-pie\pgf-pie.sty
Package: pgf-pie 2022/06/14 v0.7 Some LaTeX macros for pie chart by using PGF/T
ikz package.

(C:\SpecProF\Miktex\smargary\install\tex/latex/pgf-pie\tikzlibrarypie.code.tex
(C:\SpecProF\Miktex\smargary\install\tex/latex/carlisle\scalefnt.sty)
\pgfpie@angleEnd=\dimen353
\pgfpie@explodeLength=\count397
\pgfpie@colorLength=\count398
\pgfpie@sliceLength=\count399
))
(C:\SpecProF\Miktex\smargary\install\tex/generic/pgf/frontendlayer/tikz/librari
es\tikzlibrarypositioning.code.tex
File: tikzlibrarypositioning.code.tex 2026-08-01 v3.1.12 (3.1.12)
)
(C:\SpecProF\Miktex\smargary\install\tex/generic/pgf/libraries\pgflibraryarrows
.meta.code.tex
File: pgflibraryarrows.meta.code.tex 2026-08-01 v3.1.12 (3.1.12)
\pgfarrowinset=\dimen354
\pgfarrowlength=\dimen355
\pgfarrowwidth=\dimen356
\pgfarrowlinewidth=\dimen357
)
(C:\SpecProF\Miktex\smargary\install\tex/generic/pgf/frontendlayer/tikz/librari
es\tikzlibrarycalc.code.tex
File: tikzlibrarycalc.code.tex 2026-08-01 v3.1.12 (3.1.12)
)

Package hyperref Warning: Token not allowed in a PDF string (Unicode):
(hyperref)                removing `math shift' on input line 51.


Package hyperref Warning: Token not allowed in a PDF string (Unicode):
(hyperref)                removing `\cdot' on input line 51.


(C:\SpecProF\Miktex\smargary\install\tex/latex/beamertheme-metropolis\pgfplotst
hemetol.sty
Package: pgfplotsthemetol 2017/01/23 PGFplots colors based on Paul Tol's SRON t
echnical note
)
Package translations Info: No language package found. I am going to use `englis
h' as default language. on input line 51.
LaTeX Font Info:    Trying to load font information for T1+lmss on input line 5
1.
 (C:\SpecProF\Miktex\smargary\install\tex/latex/lm\t1lmss.fd
File: t1lmss.fd 2015/05/01 v1.6.1 Font defs for Latin Modern
)
(C:\SpecProF\Miktex\smargary\install\tex/latex/l3kernel\l3backend-pdftex.def
File: l3backend-pdftex.def 2026-08-10 L3 backend support: PDF output (pdfTeX)
\l__color_backend_stack_int=\count400
)
(05_budget_analysis.aux)
\openout1 = `05_budget_analysis.aux'.

LaTeX Font Info:    Checking defaults for OML/cmm/m/it on input line 51.
LaTeX Font Info:    ... okay on input line 51.
LaTeX Font Info:    Checking defaults for OMS/cmsy/m/n on input line 51.
LaTeX Font Info:    ... okay on input line 51.
LaTeX Font Info:    Checking defaults for OT1/cmr/m/n on input line 51.
LaTeX Font Info:    ... okay on input line 51.
LaTeX Font Info:    Checking defaults for T1/cmr/m/n on input line 51.
LaTeX Font Info:    ... okay on input line 51.
LaTeX Font Info:    Checking defaults for TS1/cmr/m/n on input line 51.
LaTeX Font Info:    ... okay on input line 51.
LaTeX Font Info:    Checking defaults for OMX/cmex/m/n on input line 51.
LaTeX Font Info:    ... okay on input line 51.
LaTeX Font Info:    Checking defaults for U/cmr/m/n on input line 51.
LaTeX Font Info:    ... okay on input line 51.
LaTeX Font Info:    Checking defaults for PD1/pdf/m/n on input line 51.
LaTeX Font Info:    ... okay on input line 51.
LaTeX Font Info:    Checking defaults for PU/pdf/m/n on input line 51.
LaTeX Font Info:    ... okay on input line 51.

*geometry* driver: auto-detecting
*geometry* detected driver: pdftex
*geometry* verbose mode - [ preamble ] result:
* driver: pdftex
* paper: custom
* layout: <same size as paper>
* layoutoffset:(h,v)=(0.0pt,0.0pt)
* modes: includehead includefoot 
* h-part:(L,W,R)=(28.45274pt, 398.3386pt, 28.45274pt)
* v-part:(T,H,B)=(0.0pt, 256.0748pt, 0.0pt)
* \paperwidth=455.24408pt
* \paperheight=256.0748pt
* \textwidth=398.3386pt
* \textheight=227.62207pt
* \oddsidemargin=-43.81725pt
* \evensidemargin=-43.81725pt
* \topmargin=-72.26999pt
* \headheight=14.22636pt
* \headsep=0.0pt
* \topskip=11.0pt
* \footskip=14.22636pt
* \marginparwidth=4.0pt
* \marginparsep=10.0pt
* \columnsep=10.0pt
* \skip\footins=10.0pt plus 4.0pt minus 2.0pt
* \hoffset=0.0pt
* \voffset=0.0pt
* \mag=1000
* \@twocolumnfalse
* \@twosidefalse
* \@mparswitchfalse
* \@reversemarginfalse
* (1in=72.27pt=25.4mm, 1cm=28.453pt)

(C:\SpecProF\Miktex\smargary\install\tex/context/base/mkii\supp-pdf.mkii
[Loading MPS to PDF converter (version 2006.09.02).]
\scratchcounter=\count401
\scratchdimen=\dimen358
\scratchbox=\box94
\nofMPsegments=\count402
\nofMParguments=\count403
\everyMPshowfont=\toks57
\MPscratchCnt=\count404
\MPscratchDim=\dimen359
\MPnumerator=\count405
\makeMPintoPDFobject=\count406
\everyMPtoPDFconversion=\toks58
) (C:\SpecProF\Miktex\smargary\install\tex/latex/epstopdf-pkg\epstopdf-base.sty
Package: epstopdf-base 2020-01-24 v2.11 Base part for package epstopdf
Package epstopdf-base Info: Redefining graphics rule for `.eps' on input line 4
85.
(C:\SpecProF\Miktex\smargary\install\tex/latex/00miktex\epstopdf-sys.cfg
File: epstopdf-sys.cfg 2021/03/18 v2.0 Configuration of epstopdf for MiKTeX
))
Package hyperref Info: Link coloring OFF on input line 51.

(05_budget_analysis.out) (05_budget_analysis.out)
\@outlinefile=\write5
\openout5 = `05_budget_analysis.out'.

LaTeX Font Info:    Overwriting symbol font `operators' in version `normal'
(Font)                  OT1/lmr/m/n --> OT1/cmss/m/n on input line 51.
LaTeX Font Info:    Overwriting symbol font `operators' in version `bold'
(Font)                  OT1/lmr/bx/n --> OT1/cmss/b/n on input line 51.
LaTeX Font Info:    Overwriting symbol font `operators' in version `normal'
(Font)                  OT1/cmss/m/n --> OT1/lmss/m/n on input line 51.
LaTeX Font Info:    Overwriting symbol font `operators' in version `bold'
(Font)                  OT1/cmss/b/n --> OT1/lmss/b/n on input line 51.
\symnumbers=\mathgroup6
\sympureletters=\mathgroup7
LaTeX Font Info:    Overwriting math alphabet `\mathrm' in version `normal'
(Font)                  OT1/lmss/m/n --> T1/lmr/m/n on input line 51.
LaTeX Font Info:    Redeclaring math alphabet \mathbf on input line 51.
LaTeX Font Info:    Overwriting math alphabet `\mathbf' in version `normal'
(Font)                  OT1/lmr/bx/n --> T1/lmss/b/n on input line 51.
LaTeX Font Info:    Overwriting math alphabet `\mathbf' in version `bold'
(Font)                  OT1/lmr/bx/n --> T1/lmss/b/n on input line 51.
LaTeX Font Info:    Redeclaring math alphabet \mathsf on input line 51.
LaTeX Font Info:    Overwriting math alphabet `\mathsf' in version `normal'
(Font)                  OT1/lmss/m/n --> T1/lmss/m/n on input line 51.
LaTeX Font Info:    Overwriting math alphabet `\mathsf' in version `bold'
(Font)                  OT1/lmss/bx/n --> T1/lmss/m/n on input line 51.
LaTeX Font Info:    Redeclaring math alphabet \mathit on input line 51.
LaTeX Font Info:    Overwriting math alphabet `\mathit' in version `normal'
(Font)                  OT1/lmr/m/it --> T1/lmss/m/it on input line 51.
LaTeX Font Info:    Overwriting math alphabet `\mathit' in version `bold'
(Font)                  OT1/lmr/bx/it --> T1/lmss/m/it on input line 51.
LaTeX Font Info:    Redeclaring math alphabet \mathtt on input line 51.
LaTeX Font Info:    Overwriting math alphabet `\mathtt' in version `normal'
(Font)                  OT1/lmtt/m/n --> T1/lmtt/m/n on input line 51.
LaTeX Font Info:    Overwriting math alphabet `\mathtt' in version `bold'
(Font)                  OT1/lmtt/m/n --> T1/lmtt/m/n on input line 51.
LaTeX Font Info:    Overwriting symbol font `numbers' in version `bold'
(Font)                  T1/lmss/m/n --> T1/lmss/b/n on input line 51.
LaTeX Font Info:    Overwriting symbol font `pureletters' in version `bold'
(Font)                  T1/lmss/m/it --> T1/lmss/b/it on input line 51.
LaTeX Font Info:    Overwriting math alphabet `\mathrm' in version `bold'
(Font)                  OT1/lmss/b/n --> T1/lmr/b/n on input line 51.
LaTeX Font Info:    Overwriting math alphabet `\mathbf' in version `bold'
(Font)                  T1/lmss/b/n --> T1/lmss/b/n on input line 51.
LaTeX Font Info:    Overwriting math alphabet `\mathsf' in version `bold'
(Font)                  T1/lmss/m/n --> T1/lmss/b/n on input line 51.
LaTeX Font Info:    Overwriting math alphabet `\mathit' in version `bold'
(Font)                  T1/lmss/m/it --> T1/lmss/b/it on input line 51.
LaTeX Font Info:    Overwriting math alphabet `\mathtt' in version `bold'
(Font)                  T1/lmtt/m/n --> T1/lmtt/b/n on input line 51.

(C:\SpecProF\Miktex\smargary\install\tex/latex/translator\translator-basic-dict
ionary-English.dict
Dictionary: translator-basic-dictionary, Language: English 
)
(C:\SpecProF\Miktex\smargary\install\tex/latex/translator\translator-bibliograp
hy-dictionary-English.dict
Dictionary: translator-bibliography-dictionary, Language: English 
)
(C:\SpecProF\Miktex\smargary\install\tex/latex/translator\translator-environmen
t-dictionary-English.dict
Dictionary: translator-environment-dictionary, Language: English 
)
(C:\SpecProF\Miktex\smargary\install\tex/latex/translator\translator-months-dic
tionary-English.dict
Dictionary: translator-months-dictionary, Language: English 
)
(C:\SpecProF\Miktex\smargary\install\tex/latex/translator\translator-numbers-di
ctionary-English.dict
Dictionary: translator-numbers-dictionary, Language: English 
)
(C:\SpecProF\Miktex\smargary\install\tex/latex/translator\translator-theorem-di
ctionary-English.dict
Dictionary: translator-theorem-dictionary, Language: English 
)
(C:\SpecProF\Miktex\smargary\install\tex/latex/translations/dicts\translations-
basic-dictionary-english.trsl
File: translations-basic-dictionary-english.trsl (english translation file `tra
nslations-basic-dictionary')
)
Package translations Info: loading dictionary `translations-basic-dictionary' f
or `english'. on input line 51.

Package pgfplots notification 'compat/show suggested version=true': you might b
enefit from \pgfplotsset{compat=1.18} (current compat level: 1.9).

(05_budget_analysis.nav)
LaTeX Font Info:    Trying to load font information for OT1+lmss on input line 
56.

(C:\SpecProF\Miktex\smargary\install\tex/latex/lm\ot1lmss.fd
File: ot1lmss.fd 2015/05/01 v1.6.1 Font defs for Latin Modern
)
LaTeX Font Info:    Trying to load font information for OML+lmm on input line 5
6.

(C:\SpecProF\Miktex\smargary\install\tex/latex/lm\omllmm.fd
File: omllmm.fd 2015/05/01 v1.6.1 Font defs for Latin Modern
)
LaTeX Font Info:    Trying to load font information for OMS+lmsy on input line 
56.

(C:\SpecProF\Miktex\smargary\install\tex/latex/lm\omslmsy.fd
File: omslmsy.fd 2015/05/01 v1.6.1 Font defs for Latin Modern
)
LaTeX Font Info:    Trying to load font information for OMX+lmex on input line 
56.

(C:\SpecProF\Miktex\smargary\install\tex/latex/lm\omxlmex.fd
File: omxlmex.fd 2015/05/01 v1.6.1 Font defs for Latin Modern
)
LaTeX Font Info:    External font `lmex10' loaded for size
(Font)              <12> on input line 56.
LaTeX Font Info:    External font `lmex10' loaded for size
(Font)              <8> on input line 56.
LaTeX Font Info:    External font `lmex10' loaded for size
(Font)              <6> on input line 56.
LaTeX Font Info:    Trying to load font information for U+msa on input line 56.


(C:\SpecProF\Miktex\smargary\install\tex/latex/amsfonts\umsa.fd
File: umsa.fd 2013/01/14 v3.01 AMS symbols A
)
LaTeX Font Info:    Trying to load font information for U+msb on input line 56.


(C:\SpecProF\Miktex\smargary\install\tex/latex/amsfonts\umsb.fd
File: umsb.fd 2013/01/14 v3.01 AMS symbols B
)
LaTeX Font Info:    Font shape `T1/lmss/m/it' in size <12> not available
(Font)              Font shape `T1/lmss/m/sl' tried instead on input line 56.
LaTeX Font Info:    Font shape `T1/lmss/m/it' in size <8> not available
(Font)              Font shape `T1/lmss/m/sl' tried instead on input line 56.
LaTeX Font Info:    Font shape `T1/lmss/m/it' in size <6> not available
(Font)              Font shape `T1/lmss/m/sl' tried instead on input line 56.

Overfull \vbox (32.96484pt too high) detected at line 56
 []

[1

{C:/SpecProF/Miktex/smargary/data/fonts/map/pdftex/pdftex.map}{C:/SpecProF/Mikt
ex/smargary/install/fonts/enc/dvips/lm/lm-ec.enc}{C:/SpecProF/Miktex/smargary/i
nstall/fonts/enc/dvips/lm/lm-mathsy.enc}]
LaTeX Font Info:    Trying to load font information for TS1+lmss on input line 
68.

(C:\SpecProF\Miktex\smargary\install\tex/latex/lm\ts1lmss.fd
File: ts1lmss.fd 2015/05/01 v1.6.1 Font defs for Latin Modern
)
LaTeX Font Info:    Font shape `T1/lmss/m/it' in size <10.95> not available
(Font)              Font shape `T1/lmss/m/sl' tried instead on input line 68.
 [2

{C:/SpecProF/Miktex/smargary/install/fonts/enc/dvips/lm/lm-ts1.enc}] (05_budget
_analysis.toc)
[3

]
LaTeX Font Info:    External font `lmex10' loaded for size
(Font)              <10.95> on input line 76.
 [4

] [5

{C:/SpecProF/Miktex/smargary/install/fonts/enc/dvips/lm/lm-mathit.enc}] [6

] [7

]
LaTeX Font Info:    Font shape `T1/lmss/m/it' in size <10> not available
(Font)              Font shape `T1/lmss/m/sl' tried instead on input line 130.
 [8

]
LaTeX Font Info:    Font shape `T1/lmss/m/it' in size <9> not available
(Font)              Font shape `T1/lmss/m/sl' tried instead on input line 146.
 [9

] [10

]
LaTeX Font Info:    External font `lmex10' loaded for size
(Font)              <10> on input line 172.
LaTeX Font Info:    External font `lmex10' loaded for size
(Font)              <7> on input line 172.
LaTeX Font Info:    External font `lmex10' loaded for size
(Font)              <5> on input line 172.
LaTeX Font Info:    Font shape `T1/lmss/m/it' in size <7> not available
(Font)              Font shape `T1/lmss/m/sl' tried instead on input line 172.
LaTeX Font Info:    Font shape `T1/lmss/m/it' in size <5> not available
(Font)              Font shape `T1/lmss/m/sl' tried instead on input line 172.
 [11

] [12

] [13

]
Overfull \vbox (2.5472pt too high) detected at line 213
 []

[14

] [15

] [16

] [17

{C:/SpecProF/Miktex/smargary/install/fonts/enc/dvips/lm/lm-rm.enc}] [18

{C:/SpecProF/Miktex/smargary/install/fonts/enc/dvips/lm/lm-mathex.enc}] [19

] [20

] [21

] [22

] [23

] [24

] [25

] [26

] [27

] [28

] [29

]
LaTeX Font Info:    External font `lmex10' loaded for size
(Font)              <9> on input line 464.
 [30

] [31

] [32

]
[33

]
<figures/eurozone_sovereign_bond_yields.png, id=228, 2529.45pt x 1525.7pt>
File: figures/eurozone_sovereign_bond_yields.png Graphic file (type png)
<use figures/eurozone_sovereign_bond_yields.png>
Package pdftex.def Info: figures/eurozone_sovereign_bond_yields.png  used on in
put line 501.
(pdftex.def)             Requested size: 221.69685pt x 133.72786pt.
 [34

 <./figures/eurozone_sovereign_bond_yields.png (PNG copy)>] [35

]
[36

] [37

]
<figures/romer_romer_fiscal_space.png, id=250, 2549.525pt x 1636.1125pt>
File: figures/romer_romer_fiscal_space.png Graphic file (type png)
<use figures/romer_romer_fiscal_space.png>
Package pdftex.def Info: figures/romer_romer_fiscal_space.png  used on input li
ne 554.
(pdftex.def)             Requested size: 208.36215pt x 133.72786pt.
 [38

 <./figures/romer_romer_fiscal_space.png (PNG copy)>] [39

]
[40

]
\tf@nav=\write6
\openout6 = `05_budget_analysis.nav'.

\tf@toc=\write7
\openout7 = `05_budget_analysis.toc'.

\tf@snm=\write8
\openout8 = `05_budget_analysis.snm'.

 (05_budget_analysis.aux)
 ***********
LaTeX2e <2026-06-01>
L3 programming layer <2026-08-10>
 ***********
Package rerunfilecheck Info: File `05_budget_analysis.out' has not changed.
(rerunfilecheck)             Checksum: 068BA6739A1F7114C3F360B9FC112A30;957.
 ) 
Here is how much of TeX's memory you used:
 41284 strings out of 467441
 1022717 string characters out of 5411930
 1477471 words of memory out of 5000000
 69778 multiletter control sequences out of 15000+600000
 725574 words of font info for 112 fonts, out of 8000000 for 9000
 1141 hyphenation exceptions out of 8191
 128i,13n,123p,1887b,2350s stack positions out of 10000i,1000n,20000p,200000b,200000s
<C:/SpecProF/Miktex/smargary/install/fonts/type1/public/lm/lmex10.pfb><C:/Spe
cProF/Miktex/smargary/install/fonts/type1/public/lm/lmmi10.pfb><C:/SpecProF/Mik
tex/smargary/install/fonts/type1/public/lm/lmmi8.pfb><C:/SpecProF/Miktex/smarga
ry/install/fonts/type1/public/lm/lmmi9.pfb><C:/SpecProF/Miktex/smargary/install
/fonts/type1/public/lm/lmss10.pfb><C:/SpecProF/Miktex/smargary/install/fonts/ty
pe1/public/lm/lmss12.pfb><C:/SpecProF/Miktex/smargary/install/fonts/type1/publi
c/lm/lmss8.pfb><C:/SpecProF/Miktex/smargary/install/fonts/type1/public/lm/lmss9
.pfb><C:/SpecProF/Miktex/smargary/install/fonts/type1/public/lm/lmssbx10.pfb><C
:/SpecProF/Miktex/smargary/install/fonts/type1/public/lm/lmsso10.pfb><C:/SpecPr
oF/Miktex/smargary/install/fonts/type1/public/lm/lmsso8.pfb><C:/SpecProF/Miktex
/smargary/install/fonts/type1/public/lm/lmsso9.pfb><C:/SpecProF/Miktex/smargary
/install/fonts/type1/public/lm/lmsy10.pfb><C:/SpecProF/Miktex/smargary/install/
fonts/type1/public/lm/lmsy6.pfb>
Output written on 05_budget_analysis.pdf (40 pages, 1751964 bytes).
PDF statistics:
 363 PDF objects out of 1000 (max. 8388607)
 85 named destinations out of 1000 (max. 500000)
 85 words of extra memory for PDF output out of 10000 (max. 10000000)

